<html>
<body>
<pre>
<h1>µVision Build Log</h1>
<h2>Tool Versions:</h2>
IDE-Version: ¦ÌVision V5.14.0.0
Copyright (C) 2015 ARM Ltd and ARM Germany GmbH. All rights reserved.
License Information: Y ysp, Y, LIC=UJWP0-B0P8H-CXIU6-D1PC2-R37TT-HKM3R
 
Tool Versions:
Toolchain:       MDK-ARM Standard  Version: 5.14.0.0
Toolchain Path:  E:\KEIL5\ARM\ARMCC\Bin
C Compiler:      Armcc.exe V5.05 update 1 (build 106)
Assembler:       Armasm.exe V5.05 update 1 (build 106)
Linker/Locator:  ArmLink.exe V5.05 update 1 (build 106)
Library Manager: ArmAr.exe V5.05 update 1 (build 106)
Hex Converter:   FromElf.exe V5.05 update 1 (build 106)
CPU DLL:         SARMCM3.DLL V5.14.0.0
Dialog DLL:      DCM.DLL V1.13.1.0
Target DLL:      UL2CM3.DLL V1.155.0.0
Dialog DLL:      TCM.DLL V1.14.4.0
 
<h2>Project:</h2>
E:\stm32Project\beep\USER\beep.uvprojx
Project File Date:  09/02/2024

<h2>Output:</h2>
Build target 'beep'
compiling main.c...
linking...
Program Size: Code=1600 RO-data=336 RW-data=32 ZI-data=1832  
FromELF: creating hex file...
".\Objects\beep.axf" - 0 Error(s), 0 Warning(s).

<h2>Collection of Component include folders:</h2>
  E:\stm32Project\beep\USER\RTE
  E:\KEIL5\ARM\PACK\Keil\STM32F1xx_DFP\2.2.0

<h2>Collection of Component Files used:</h2>
</pre>
</body>
</html>
